Microchip MPLAB XC8 Compiler V2.46

Linker command line:

-W-3 \
  --edf=C:\Program Files\Microchip\xc8\v2.46\pic\dat\20240104201356_en.msgs \
  -pivt0x8=08h -cn -h+dist/default/debug\Repo_Test.debug.sym \
  --cmf=dist/default/debug\Repo_Test.debug.cmf -z -Q18F57Q84 \
  -oC:\Users\USER\AppData\Local\Temp\xcAsns4.\driver_tmp_3.o \
  --defsym=__MPLAB_BUILD=1 --fixupoverflow=error \
  -Mdist/default/debug/Repo_Test.debug.map \
  --md=C:\Users\USER\AppData\Local\Temp\xcAsns4.\driver_tmp_0.dat -E1 \
  -ver=XC8 Compiler --acfsm=1493 -ACODE=00h-01FFFFh -ACONST=00h-01FFFFh \
  -ASMALLCONST=03700h-037FFhx457 \
  -AMEDIUMCONST=03700h-0FFFFh,013700h-01FFFFh -ACOMRAM=0501h-055Fh \
  -AABS1=0500h-036FFh -ABIGRAM=0501h-036FFh \
  -ARAM=0560h-05FFh,0600h-06FFhx49 -ABANK5=0560h-05FFh -ABANK6=0600h-06FFh \
  -ABANK7=0700h-07FFh -ABANK8=0800h-08FFh -ABANK9=0900h-09FFh \
  -ABANK10=0A00h-0AFFh -ABANK11=0B00h-0BFFh -ABANK12=0C00h-0CFFh \
  -ABANK13=0D00h-0DFFh -ABANK14=0E00h-0EFFh -ABANK15=0F00h-0FFFh \
  -ABANK16=01000h-010FFh -ABANK17=01100h-011FFh -ABANK18=01200h-012FFh \
  -ABANK19=01300h-013FFh -ABANK20=01400h-014FFh -ABANK21=01500h-015FFh \
  -ABANK22=01600h-016FFh -ABANK23=01700h-017FFh -ABANK24=01800h-018FFh \
  -ABANK25=01900h-019FFh -ABANK26=01A00h-01AFFh -ABANK27=01B00h-01BFFh \
  -ABANK28=01C00h-01CFFh -ABANK29=01D00h-01DFFh -ABANK30=01E00h-01EFFh \
  -ABANK31=01F00h-01FFFh -ABANK32=02000h-020FFh -ABANK33=02100h-021FFh \
  -ABANK34=02200h-022FFh -ABANK35=02300h-023FFh -ABANK36=02400h-024FFh \
  -ABANK37=02500h-025FFh -ABANK38=02600h-026FFh -ABANK39=02700h-027FFh \
  -ABANK40=02800h-028FFh -ABANK41=02900h-029FFh -ABANK42=02A00h-02AFFh \
  -ABANK43=02B00h-02BFFh -ABANK44=02C00h-02CFFh -ABANK45=02D00h-02DFFh \
  -ABANK46=02E00h-02EFFh -ABANK47=02F00h-02FFFh -ABANK48=03000h-030FFh \
  -ABANK49=03100h-031FFh -ABANK50=03200h-032FFh -ABANK51=03300h-033FFh \
  -ABANK52=03400h-034FFh -ABANK53=03500h-035FFh -ABANK54=03600h-036FFh \
  -ASFR=00h-0FFhx4,0400h-045Fh,0460h-04FFh,03700h-037FFhx9 \
  -ABIGSFR=00h-04FFh,03700h-03FFFh -ACONFIG=0300000h-0300023h \
  -AIDLOC=0200000h-020003Fh -AEEDATA=0380000h-03803FFh -peeprom_data=EEDATA \
  -preset_vec=00h -ppowerup=CODE,init -pramtop=03700h \
  -psmallconst=SMALLCONST -pmediumconst=MEDIUMCONST -pconst=CONST \
  -AFARRAM=00h-00h \
  -prdata=COMRAM,nvrram=COMRAM,nvbit=COMRAM,rbss=COMRAM,rbit=COMRAM \
  -pfarbss=FARRAM,fardata=FARRAM,nvFARRAM=FARRAM \
  -pintsave_regs=BIGRAM,bigbss=BIGRAM,bigdata=BIGRAM -pbss=RAM \
  -pidata=CODE,irdata=CODE,ibigdata=CODE,ifardata=CODE -prparam=COMRAM \
  C:\Users\USER\AppData\Local\Temp\xcAsns4.\driver_tmp_9.o \
  dist/default/debug\Repo_Test.debug.o 

Object code version is 3.11

Machine type is 18F57Q84



                Name                               Link     Load   Length Selector   Space Scale
C:\Users\USER\AppData\Local\Temp\xcAsns4.\driver_tmp_9.o
                config                           300000   300000       23        0       4
                init                                 1A       1A        4        4       0
                reset_vec                             0        0        4        0       0
dist/default/debug\Repo_Test.debug.o
                config                           300000   300000       23        0       4
                smallconst                         3700     3700       52     1B80       0
                ivt0x8                                8        8       12        4       0
                text13                             39B8     39B8       16     1BA9       0
                text12                             3976     3976       22     1BA9       0
                text11                             3920     3920       34     1BA9       0
                text10                             3A16     3A16        A     1BA9       0
                text9                              3820     3820       84     1BA9       0
                text8                              38E4     38E4       3C     1BA9       0
                text7                              3954     3954       22     1BA9       0
                text6                              39FC     39FC        E     1BA9       0
                text5                              39EE     39EE        E     1BA9       0
                text4                              39E0     39E0        E     1BA9       0
                text3                              38A4     38A4       40     1BA9       0
                text2                              3752     3752       CE     1BA9       0
                text1                              39CE     39CE       12     1BA9       0
                text0                              3A0A     3A0A        C     1BA9       0
                cstackCOMRAM                        519      519        3      501       1
                bssCOMRAM                           501      501       18      501       1
                cinit                              3998     3998       20     1BA9       0

TOTAL           Name                               Link     Load   Length     Space
        CLASS   CODE           
                init                                 1A       1A        4         0
                reset_vec                             0        0        4         0
                ivt0x8                                8        8       12         0
                text13                             39B8     39B8       16         0
                text12                             3976     3976       22         0
                text11                             3920     3920       34         0
                text10                             3A16     3A16        A         0
                text9                              3820     3820       84         0
                text8                              38E4     38E4       3C         0
                text7                              3954     3954       22         0
                text6                              39FC     39FC        E         0
                text5                              39EE     39EE        E         0
                text4                              39E0     39E0        E         0
                text3                              38A4     38A4       40         0
                text2                              3752     3752       CE         0
                text1                              39CE     39CE       12         0
                text0                              3A0A     3A0A        C         0
                cinit                              3998     3998       20         0

        CLASS   CONST          

        CLASS   SMALLCONST     
                smallconst                         3700     3700       52         0

        CLASS   MEDIUMCONST    

        CLASS   COMRAM         
                cstackCOMRAM                        519      519        3         1
                bssCOMRAM                           501      501       18         1

        CLASS   ABS1           

        CLASS   BIGRAM         

        CLASS   RAM            

        CLASS   BANK5          

        CLASS   BANK6          

        CLASS   BANK7          

        CLASS   BANK8          

        CLASS   BANK9          

        CLASS   BANK10         

        CLASS   BANK11         

        CLASS   BANK12         

        CLASS   BANK13         

        CLASS   BANK14         

        CLASS   BANK15         

        CLASS   BANK16         

        CLASS   BANK17         

        CLASS   BANK18         

        CLASS   BANK19         

        CLASS   BANK20         

        CLASS   BANK21         

        CLASS   BANK22         

        CLASS   BANK23         

        CLASS   BANK24         

        CLASS   BANK25         

        CLASS   BANK26         

        CLASS   BANK27         

        CLASS   BANK28         

        CLASS   BANK29         

        CLASS   BANK30         

        CLASS   BANK31         

        CLASS   BANK32         

        CLASS   BANK33         

        CLASS   BANK34         

        CLASS   BANK35         

        CLASS   BANK36         

        CLASS   BANK37         

        CLASS   BANK38         

        CLASS   BANK39         

        CLASS   BANK40         

        CLASS   BANK41         

        CLASS   BANK42         

        CLASS   BANK43         

        CLASS   BANK44         

        CLASS   BANK45         

        CLASS   BANK46         

        CLASS   BANK47         

        CLASS   BANK48         

        CLASS   BANK49         

        CLASS   BANK50         

        CLASS   BANK51         

        CLASS   BANK52         

        CLASS   BANK53         

        CLASS   BANK54         

        CLASS   SFR            

        CLASS   BIGSFR         

        CLASS   CONFIG         
                config                           300000   300000       23         4

        CLASS   IDLOC          

        CLASS   EEDATA         

        CLASS   FARRAM         

        CLASS   HEAP           

        CLASS   STACK          



SEGMENTS        Name                           Load    Length   Top    Selector   Space  Class

                reset_vec                      000000  000004  000004         0       0  CODE    
                ivt0x8                         000008  000016  00001E         4       0  CODE    
                bssCOMRAM                      000501  00001B  00051C       501       1  COMRAM  
                smallconst                     003700  000052  003752      1B80       0  SMALLCON
                text2                          003752  0002CE  003A20      1BA9       0  CODE    


UNUSED ADDRESS RANGES

        Name                Unused          Largest block    Delta
        BANK10           000A00-000AFF              100
        BANK11           000B00-000BFF              100
        BANK12           000C00-000CFF              100
        BANK13           000D00-000DFF              100
        BANK14           000E00-000EFF              100
        BANK15           000F00-000FFF              100
        BANK16           001000-0010FF              100
        BANK17           001100-0011FF              100
        BANK18           001200-0012FF              100
        BANK19           001300-0013FF              100
        BANK20           001400-0014FF              100
        BANK21           001500-0015FF              100
        BANK22           001600-0016FF              100
        BANK23           001700-0017FF              100
        BANK24           001800-0018FF              100
        BANK25           001900-0019FF              100
        BANK26           001A00-001AFF              100
        BANK27           001B00-001BFF              100
        BANK28           001C00-001CFF              100
        BANK29           001D00-001DFF              100
        BANK30           001E00-001EFF              100
        BANK31           001F00-001FFF              100
        BANK32           002000-0020FF              100
        BANK33           002100-0021FF              100
        BANK34           002200-0022FF              100
        BANK35           002300-0023FF              100
        BANK36           002400-0024FF              100
        BANK37           002500-0025FF              100
        BANK38           002600-0026FF              100
        BANK39           002700-0027FF              100
        BANK40           002800-0028FF              100
        BANK41           002900-0029FF              100
        BANK42           002A00-002AFF              100
        BANK43           002B00-002BFF              100
        BANK44           002C00-002CFF              100
        BANK45           002D00-002DFF              100
        BANK46           002E00-002EFF              100
        BANK47           002F00-002FFF              100
        BANK48           003000-0030FF              100
        BANK49           003100-0031FF              100
        BANK5            000560-0005FF               A0
        BANK50           003200-0032FF              100
        BANK51           003300-0033FF              100
        BANK52           003400-0034FF              100
        BANK53           003500-0035FF              100
        BANK54           003600-0036FF              100
        BANK6            000600-0006FF              100
        BANK7            000700-0007FF              100
        BANK8            000800-0008FF              100
        BANK9            000900-0009FF              100
        BIGRAM           00051C-0036FF             31E4
        BIGSFR           000000-0004FF              500
                         003700-003FFF              900
        CODE             000004-000007                4
                         00001E-0036FF             36E2
                         003A20-01FFFF            1C5E0
        COMRAM           00051C-00055F               44
        CONFIG           300023-300023                1
        CONST            000004-000007                4
                         00001E-0036FF             36E2
                         003A20-01FFFF            1C5E0
        EEDATA           380000-3803FF              400
        IDLOC            200000-20003F               40
        MEDIUMCONST      003A20-00FFFF             C5E0
                         013700-01FFFF             C900
        RAM              000560-0036FF              100
        SFR              000000-0004FF              100
                         003700-003FFF              100
        SMALLCONST       003A20-01FFFF              100

                                  Symbol Table

CAN1_OperationModeSet@requestMode         cstackCOMRAM 00051A
CAN1_OperationModeSet@status              cstackCOMRAM 000519
INT0_SetInterruptHandler@InterruptHandler cstackCOMRAM 000519
INT1_SetInterruptHandler@InterruptHandler cstackCOMRAM 000519
INT2_SetInterruptHandler@InterruptHandler cstackCOMRAM 000519
IVTBASEH                                  (abs)        00045E
IVTBASEL                                  (abs)        00045D
IVTBASEU                                  (abs)        00045F
_ACTCON                                   (abs)        0000AC
_ANSELA                                   (abs)        000400
_ANSELB                                   (abs)        000408
_ANSELC                                   (abs)        000410
_ANSELD                                   (abs)        000418
_ANSELE                                   (abs)        000420
_ANSELF                                   (abs)        000428
_C1CONH                                   (abs)        000101
_C1CONHbits                               (abs)        000101
_C1CONL                                   (abs)        000100
_C1CONT                                   (abs)        000103
_C1CONTbits                               (abs)        000103
_C1CONU                                   (abs)        000102
_C1CONUbits                               (abs)        000102
_C1DBTCFGH                                (abs)        000109
_C1DBTCFGL                                (abs)        000108
_C1DBTCFGT                                (abs)        00010B
_C1DBTCFGU                                (abs)        00010A
_C1INTHbits                               (abs)        00011D
_C1INTLbits                               (abs)        00011C
_C1INTTbits                               (abs)        00011F
_C1NBTCFGH                                (abs)        000105
_C1NBTCFGL                                (abs)        000104
_C1NBTCFGT                                (abs)        000107
_C1NBTCFGU                                (abs)        000106
_C1TDCH                                   (abs)        00010D
_C1TDCL                                   (abs)        00010C
_C1TDCT                                   (abs)        00010F
_C1TDCU                                   (abs)        00010E
_C1TRECUbits                              (abs)        000136
_C1TXQCONL                                (abs)        000150
_CAN1_BitRateConfiguration                text11       003920
_CAN1_BusErrorCallbackRegister            (abs)        000000
_CAN1_BusErrorHandler                     bssCOMRAM    000507
_CAN1_BusWakeUpActivityCallbackRegister   (abs)        000000
_CAN1_BusWakeUpActivityHandler            bssCOMRAM    00050A
_CAN1_Deinitialize                        (abs)        000000
_CAN1_InformationISR                      text13       0039B8
_CAN1_Initialize                          text8        0038E4
_CAN1_InvalidMessageCallbackRegister      (abs)        000000
_CAN1_InvalidMessageHandler               bssCOMRAM    00050D
_CAN1_IsBusOff                            (abs)        000000
_CAN1_ModeChangeCallbackRegister          (abs)        000000
_CAN1_ModeChangeHandler                   bssCOMRAM    000504
_CAN1_OperationModeGet                    text10       003A16
_CAN1_OperationModeSet                    text9        003820
_CAN1_Sleep                               (abs)        000000
_CAN1_SystemErrorCallbackRegister         (abs)        000000
_CAN1_SystemErrorHandler                  bssCOMRAM    000501
_CAN1_Tasks                               (abs)        000000
_CANRXPPS                                 (abs)        00023D
_CAN_FD1                                  smallconst   003701
_CLOCK_Initialize                         text7        003954
_FSCMCON                                  (abs)        000458
_INLVLA                                   (abs)        000404
_INLVLB                                   (abs)        00040C
_INLVLC                                   (abs)        000414
_INLVLD                                   (abs)        00041C
_INLVLE                                   (abs)        000424
_INLVLF                                   (abs)        00042C
_INT0_DefaultInterruptHandler             (abs)        000000
_INT0_InterruptHandler                    bssCOMRAM    000516
_INT0_SetInterruptHandler                 text6        0039FC
_INT1_DefaultInterruptHandler             (abs)        000000
_INT1_InterruptHandler                    bssCOMRAM    000513
_INT1_SetInterruptHandler                 text5        0039EE
_INT2_DefaultInterruptHandler             (abs)        000000
_INT2_InterruptHandler                    bssCOMRAM    000510
_INT2_SetInterruptHandler                 text4        0039E0
_INTCON0bits                              (abs)        0004D6
_INTERRUPT_Initialize                     text3        0038A4
_INTERRUPT_InterruptManager               text12       003976
_IOCAF                                    (abs)        000407
_IOCAN                                    (abs)        000406
_IOCAP                                    (abs)        000405
_IOCBF                                    (abs)        00040F
_IOCBN                                    (abs)        00040E
_IOCBP                                    (abs)        00040D
_IOCCF                                    (abs)        000417
_IOCCN                                    (abs)        000416
_IOCCP                                    (abs)        000415
_IOCEF                                    (abs)        000427
_IOCEN                                    (abs)        000426
_IOCEP                                    (abs)        000425
_LATA                                     (abs)        0004BE
_LATB                                     (abs)        0004BF
_LATC                                     (abs)        0004C0
_LATD                                     (abs)        0004C1
_LATE                                     (abs)        0004C2
_LATF                                     (abs)        0004C3
_ODCONA                                   (abs)        000402
_ODCONB                                   (abs)        00040A
_ODCONC                                   (abs)        000412
_ODCOND                                   (abs)        00041A
_ODCONE                                   (abs)        000422
_ODCONF                                   (abs)        00042A
_OSCCON1                                  (abs)        0000AD
_OSCCON3                                  (abs)        0000AF
_OSCEN                                    (abs)        0000B3
_OSCFRQ                                   (abs)        0000B1
_OSCTUNE                                  (abs)        0000B0
_PIE0bits                                 (abs)        00049E
_PIN_MANAGER_Initialize                   text2        003752
_PIR0bits                                 (abs)        0004AE
_PIR10bits                                (abs)        0004B8
_PIR1bits                                 (abs)        0004AF
_PIR6bits                                 (abs)        0004B4
_RB1I2C                                   (abs)        000289
_RB2I2C                                   (abs)        000288
_RC3I2C                                   (abs)        000287
_RC4I2C                                   (abs)        000286
_SLRCONA                                  (abs)        000403
_SLRCONB                                  (abs)        00040B
_SLRCONC                                  (abs)        000413
_SLRCOND                                  (abs)        00041B
_SLRCONE                                  (abs)        000423
_SLRCONF                                  (abs)        00042B
_SYSTEM_Initialize                        text1        0039CE
_TRISA                                    (abs)        0004C6
_TRISB                                    (abs)        0004C7
_TRISC                                    (abs)        0004C8
_TRISD                                    (abs)        0004C9
_TRISE                                    (abs)        0004CA
_TRISF                                    (abs)        0004CB
_WPUA                                     (abs)        000401
_WPUB                                     (abs)        000409
_WPUC                                     (abs)        000411
_WPUD                                     (abs)        000419
_WPUE                                     (abs)        000421
_WPUF                                     (abs)        000429
__HRAM                                    (abs)        000000
__H__absolute__                           __absolute__ 000000
__Habs1                                   abs1         000000
__Hbank10                                 bank10       000000
__Hbank11                                 bank11       000000
__Hbank12                                 bank12       000000
__Hbank13                                 bank13       000000
__Hbank14                                 bank14       000000
__Hbank15                                 bank15       000000
__Hbank16                                 bank16       000000
__Hbank17                                 bank17       000000
__Hbank18                                 bank18       000000
__Hbank19                                 bank19       000000
__Hbank20                                 bank20       000000
__Hbank21                                 bank21       000000
__Hbank22                                 bank22       000000
__Hbank23                                 bank23       000000
__Hbank24                                 bank24       000000
__Hbank25                                 bank25       000000
__Hbank26                                 bank26       000000
__Hbank27                                 bank27       000000
__Hbank28                                 bank28       000000
__Hbank29                                 bank29       000000
__Hbank30                                 bank30       000000
__Hbank31                                 bank31       000000
__Hbank32                                 bank32       000000
__Hbank33                                 bank33       000000
__Hbank34                                 bank34       000000
__Hbank35                                 bank35       000000
__Hbank36                                 bank36       000000
__Hbank37                                 bank37       000000
__Hbank38                                 bank38       000000
__Hbank39                                 bank39       000000
__Hbank40                                 bank40       000000
__Hbank41                                 bank41       000000
__Hbank42                                 bank42       000000
__Hbank43                                 bank43       000000
__Hbank44                                 bank44       000000
__Hbank45                                 bank45       000000
__Hbank46                                 bank46       000000
__Hbank47                                 bank47       000000
__Hbank48                                 bank48       000000
__Hbank49                                 bank49       000000
__Hbank5                                  bank5        000000
__Hbank50                                 bank50       000000
__Hbank51                                 bank51       000000
__Hbank52                                 bank52       000000
__Hbank53                                 bank53       000000
__Hbank54                                 bank54       000000
__Hbank6                                  bank6        000000
__Hbank7                                  bank7        000000
__Hbank8                                  bank8        000000
__Hbank9                                  bank9        000000
__Hbigbss                                 bigbss       000000
__Hbigdata                                bigdata      000000
__Hbigram                                 bigram       000000
__Hbigsfr                                 bigsfr       000000
__Hbss                                    bss          000000
__HbssCOMRAM                              bssCOMRAM    000000
__Hcinit                                  cinit        000000
__Hclrtext                                clrtext      000000
__Hcomram                                 comram       000000
__Hconfig                                 config       300023
__Hconst                                  const        000000
__HcstackCOMRAM                           cstackCOMRAM 000000
__Hdata                                   data         000000
__Heeprom_data                            eeprom_data  000000
__Hfarbss                                 farbss       000000
__Hfardata                                fardata      000000
__Hheap                                   heap         000000
__Hibigdata                               ibigdata     000000
__Hidata                                  idata        000000
__Hidloc                                  idloc        000000
__Hifardata                               ifardata     000000
__Hinit                                   init         00001E
__Hintsave_regs                           intsave_regs 000000
__Hirdata                                 irdata       000000
__Hivt0x8                                 ivt0x8       00001A
__Hmediumconst                            mediumconst  000000
__HnvFARRAM                               nvFARRAM     000000
__Hnvbit                                  nvbit        000000
__Hnvrram                                 nvrram       000000
__Hparam                                  rparam       000000
__Hpowerup                                powerup      000000
__Hram                                    ram          000000
__Hramtop                                 ramtop       003700
__Hrbit                                   rbit         000000
__Hrbss                                   rbss         000000
__Hrdata                                  rdata        000000
__Hreset_vec                              reset_vec    000004
__Hrparam                                 rparam       000000
__Hsfr                                    sfr          000000
__Hsmallconst                             smallconst   003752
__Hspace_0                                (abs)        003A20
__Hspace_1                                (abs)        00051C
__Hspace_2                                (abs)        000000
__Hspace_4                                (abs)        600023
__Hstack                                  stack        000000
__Hstruct                                 struct       000000
__Htemp                                   temp         000000
__Htext                                   text         000000
__Htext0                                  text0        000000
__Htext1                                  text1        000000
__Htext10                                 text10       000000
__Htext11                                 text11       000000
__Htext12                                 text12       000000
__Htext13                                 text13       000000
__Htext2                                  text2        000000
__Htext3                                  text3        000000
__Htext4                                  text4        000000
__Htext5                                  text5        000000
__Htext6                                  text6        000000
__Htext7                                  text7        000000
__Htext8                                  text8        000000
__Htext9                                  text9        000000
__LRAM                                    (abs)        000001
__L__absolute__                           __absolute__ 000000
__Labs1                                   abs1         000000
__Lbank10                                 bank10       000000
__Lbank11                                 bank11       000000
__Lbank12                                 bank12       000000
__Lbank13                                 bank13       000000
__Lbank14                                 bank14       000000
__Lbank15                                 bank15       000000
__Lbank16                                 bank16       000000
__Lbank17                                 bank17       000000
__Lbank18                                 bank18       000000
__Lbank19                                 bank19       000000
__Lbank20                                 bank20       000000
__Lbank21                                 bank21       000000
__Lbank22                                 bank22       000000
__Lbank23                                 bank23       000000
__Lbank24                                 bank24       000000
__Lbank25                                 bank25       000000
__Lbank26                                 bank26       000000
__Lbank27                                 bank27       000000
__Lbank28                                 bank28       000000
__Lbank29                                 bank29       000000
__Lbank30                                 bank30       000000
__Lbank31                                 bank31       000000
__Lbank32                                 bank32       000000
__Lbank33                                 bank33       000000
__Lbank34                                 bank34       000000
__Lbank35                                 bank35       000000
__Lbank36                                 bank36       000000
__Lbank37                                 bank37       000000
__Lbank38                                 bank38       000000
__Lbank39                                 bank39       000000
__Lbank40                                 bank40       000000
__Lbank41                                 bank41       000000
__Lbank42                                 bank42       000000
__Lbank43                                 bank43       000000
__Lbank44                                 bank44       000000
__Lbank45                                 bank45       000000
__Lbank46                                 bank46       000000
__Lbank47                                 bank47       000000
__Lbank48                                 bank48       000000
__Lbank49                                 bank49       000000
__Lbank5                                  bank5        000000
__Lbank50                                 bank50       000000
__Lbank51                                 bank51       000000
__Lbank52                                 bank52       000000
__Lbank53                                 bank53       000000
__Lbank54                                 bank54       000000
__Lbank6                                  bank6        000000
__Lbank7                                  bank7        000000
__Lbank8                                  bank8        000000
__Lbank9                                  bank9        000000
__Lbigbss                                 bigbss       000000
__Lbigdata                                bigdata      000000
__Lbigram                                 bigram       000000
__Lbigsfr                                 bigsfr       000000
__Lbss                                    bss          000000
__LbssCOMRAM                              bssCOMRAM    000000
__Lcinit                                  cinit        000000
__Lclrtext                                clrtext      000000
__Lcomram                                 comram       000000
__Lconfig                                 config       000000
__Lconst                                  const        000000
__LcstackCOMRAM                           cstackCOMRAM 000000
__Ldata                                   data         000000
__Leeprom_data                            eeprom_data  000000
__Lfarbss                                 farbss       000000
__Lfardata                                fardata      000000
__Lheap                                   heap         000000
__Libigdata                               ibigdata     000000
__Lidata                                  idata        000000
__Lidloc                                  idloc        000000
__Lifardata                               ifardata     000000
__Linit                                   init         00001A
__Lintsave_regs                           intsave_regs 000000
__Lirdata                                 irdata       000000
__Livt0x8                                 ivt0x8       000008
__Lmediumconst                            mediumconst  000000
__LnvFARRAM                               nvFARRAM     000000
__Lnvbit                                  nvbit        000000
__Lnvrram                                 nvrram       000000
__Lparam                                  rparam       000000
__Lpowerup                                powerup      000000
__Lram                                    ram          000000
__Lramtop                                 ramtop       003700
__Lrbit                                   rbit         000000
__Lrbss                                   rbss         000000
__Lrdata                                  rdata        000000
__Lreset_vec                              reset_vec    000000
__Lrparam                                 rparam       000000
__Lsfr                                    sfr          000000
__Lsmallconst                             smallconst   003700
__Lspace_0                                (abs)        000000
__Lspace_1                                (abs)        000000
__Lspace_2                                (abs)        000000
__Lspace_4                                (abs)        000000
__Lstack                                  stack        000000
__Lstruct                                 struct       000000
__Ltemp                                   temp         000000
__Ltext                                   text         000000
__Ltext0                                  text0        000000
__Ltext1                                  text1        000000
__Ltext10                                 text10       000000
__Ltext11                                 text11       000000
__Ltext12                                 text12       000000
__Ltext13                                 text13       000000
__Ltext2                                  text2        000000
__Ltext3                                  text3        000000
__Ltext4                                  text4        000000
__Ltext5                                  text5        000000
__Ltext6                                  text6        000000
__Ltext7                                  text7        000000
__Ltext8                                  text8        000000
__Ltext9                                  text9        000000
__S0                                      (abs)        003A20
__S1                                      (abs)        00051C
__S4                                      (abs)        000000
__S5                                      (abs)        000000
___heap_hi                                (abs)        000000
___heap_lo                                (abs)        000000
___inthi_sp                               stack        000000
___inthi_stack_hi                         stack        000000
___inthi_stack_lo                         stack        000000
___intlo_sp                               stack        000000
___intlo_stack_hi                         stack        000000
___intlo_stack_lo                         stack        000000
___param_bank                             (abs)        000000
___rparam_used                            (abs)        000001
___sp                                     stack        000000
___stack_hi                               stack        000000
___stack_lo                               stack        000000
__accesstop                               (abs)        000560
__activetblptr                            (abs)        000003
__end_of_CAN1_BitRateConfiguration        text11       003954
__end_of_CAN1_InformationISR              text13       0039CE
__end_of_CAN1_Initialize                  text8        003920
__end_of_CAN1_OperationModeGet            text10       003A20
__end_of_CAN1_OperationModeSet            text9        0038A4
__end_of_CAN_FD1                          smallconst   00374F
__end_of_CLOCK_Initialize                 text7        003976
__end_of_FIFO                             smallconst   003751
__end_of_INT0_SetInterruptHandler         text6        003A0A
__end_of_INT1_SetInterruptHandler         text5        0039FC
__end_of_INT2_SetInterruptHandler         text4        0039EE
__end_of_INTERRUPT_Initialize             text3        0038E4
__end_of_INTERRUPT_InterruptManager       text12       003998
__end_of_PIN_MANAGER_Initialize           text2        003820
__end_of_SYSTEM_Initialize                text1        0039E0
__end_of__initialization                  cinit        0039B2
__end_of_main                             text0        003A16
__initialization                          cinit        003998
__mediumconst                             mediumconst  000000
__pbssCOMRAM                              bssCOMRAM    000501
__pcinit                                  cinit        003998
__pcstackCOMRAM                           cstackCOMRAM 000519
__pivt0x8                                 ivt0x8       000008
__psmallconst                             smallconst   003700
__ptext0                                  text0        003A0A
__ptext1                                  text1        0039CE
__ptext10                                 text10       003A16
__ptext11                                 text11       003920
__ptext12                                 text12       003976
__ptext13                                 text13       0039B8
__ptext2                                  text2        003752
__ptext3                                  text3        0038A4
__ptext4                                  text4        0039E0
__ptext5                                  text5        0039EE
__ptext6                                  text6        0039FC
__ptext7                                  text7        003954
__ptext8                                  text8        0038E4
__ptext9                                  text9        003820
__ramtop                                  ramtop       003700
__smallconst                              smallconst   003700
_main                                     text0        003A0A
end_of_initialization                     cinit        0039B2
intlevel0                                 text         000000
intlevel1                                 text         000000
intlevel2                                 text         000000
intlevel3                                 text         000000
isa$std                                   (abs)        000001
isa$xinst                                 (abs)        000000
ivt0x8_base                               ivt0x8       000008
stackhi                                   (abs)        000000
stacklo                                   (abs)        000000
start                                     init         00001A
start_initialization                      cinit        003998


MODULE INFORMATION

Module		Function		Class		Link	Load	Size
mcc_generated_files/system/src/interrupt.c
		_INT0_SetInterruptHandler		CODE           	39FC	0000	14
		_INT1_SetInterruptHandler		CODE           	39EE	0000	14
		_INT2_SetInterruptHandler		CODE           	39E0	0000	14
		_INTERRUPT_Initialize		CODE           	38A4	0000	64
		_INTERRUPT_InterruptManager		CODE           	3976	0000	34

mcc_generated_files/system/src/interrupt.c estimated size: 140

mcc_generated_files/system/src/pins.c
		_PIN_MANAGER_Initialize		CODE           	3752	0000	206

mcc_generated_files/system/src/pins.c estimated size: 206

shared
		_FIFO          		SMALLCONST     	0000	0000	0
		__initialization		CODE           	3998	0000	26
		_CAN_FD1       		SMALLCONST     	3701	0000	78

shared estimated size: 104

mcc_generated_files/system/src/clock.c
		_CLOCK_Initialize		CODE           	3954	0000	34

mcc_generated_files/system/src/clock.c estimated size: 34

main.c
		_main          		CODE           	3A0A	0000	12

main.c estimated size: 12

mcc_generated_files/can/src/can1.c
		_CAN1_BitRateConfiguration		CODE           	3920	0000	52
		_CAN1_InformationISR		CODE           	39B8	0000	22
		_CAN1_OperationModeGet		CODE           	3A16	0000	10
		_CAN1_Initialize		CODE           	38E4	0000	60
		_CAN1_OperationModeSet		CODE           	3820	0000	132

mcc_generated_files/can/src/can1.c estimated size: 276

mcc_generated_files/system/src/system.c
		_SYSTEM_Initialize		CODE           	39CE	0000	18

mcc_generated_files/system/src/system.c estimated size: 18

